{
    "Should run without failures": {
        "content": [
            {
                "0": [
                    "metadata.json:md5,adcead9f8080ea6600b25c14cc26e7ed"
                ],
                "1": [
                    [
                        "experiment.tsv:md5,2ebe0c085892f51314c7a1f56b76adc1",
                        "run.tsv:md5,c9e0cb88280cc9eb12ccd4c6096d49d0",
                        "sample.tsv:md5,9a5c3c9f58939604c3673138088b6dfe",
                        "study.tsv:md5,96dfb94d5fc6c119880763cf648f6521"
                    ]
                ],
                "2": [
                    "versions.yml:md5,b1332a1017a0aed9a5f5a8968df62c15"
                ],
                "metadata_json": [
                    "metadata.json:md5,adcead9f8080ea6600b25c14cc26e7ed"
                ],
                "metadata_tsv": [
                    [
                        "experiment.tsv:md5,2ebe0c085892f51314c7a1f56b76adc1",
                        "run.tsv:md5,c9e0cb88280cc9eb12ccd4c6096d49d0",
                        "sample.tsv:md5,9a5c3c9f58939604c3673138088b6dfe",
                        "study.tsv:md5,96dfb94d5fc6c119880763cf648f6521"
                    ]
                ],
                "versions": [
                    "versions.yml:md5,b1332a1017a0aed9a5f5a8968df62c15"
                ]
            }
        ],
        "meta": {
            "nf-test": "0.8.4",
            "nextflow": "23.10.1"
        },
        "timestamp": "2024-04-04T11:53:58.867558005"
    }
}