{
    "Should run without failures": {
        "content": [
            {
                "0": [
                    "GSE214215.runinfo_ftp.json:md5,ddefdf7230e79e60e6afce91450ffb9a"
                ],
                "1": [
                    "versions.yml:md5,e95f8185f665127a73622a19d321bcca"
                ],
                "json": [
                    "GSE214215.runinfo_ftp.json:md5,ddefdf7230e79e60e6afce91450ffb9a"
                ],
                "versions": [
                    "versions.yml:md5,e95f8185f665127a73622a19d321bcca"
                ]
            }
        ],
        "meta": {
            "nf-test": "0.8.4",
            "nextflow": "23.10.1"
        },
        "timestamp": "2024-04-04T15:12:27.58661199"
    }
}